  Determining projects to restore...
  All projects are up-to-date for restore.
  Calculator -> D:\CopliotPOCdotnetapp\dotnetappPOCAK\bin\Debug\net48\Calculator.exe

Build succeeded.
    0 Warning(s)
    0 Error(s)

Time Elapsed 00:00:01.47

Workload updates are available. Run `dotnet workload list` for more information.
